Test BV block orthogonalization (length 200, l=0, k=8).
Orthogonalizing active columns
Overall decomposition
  Level of orthogonality of Q < 100*eps
  Residual ||X-Q*R|| < 100*eps
