Test BV orthogonalization with 8 columns of length 20.
Level of orthogonality < 100*eps
Level of orthogonality < 100*eps
Residual ||X-QR|| < 100*eps
