Test BV bi-orthogonalization with 8 columns of length 20.
Level of bi-orthogonality < 100*eps
