Test BV block orthogonalization (length 20, l=2, k=8) with non-standard inner product.
Residual ||cached-BX|| < 100*eps
Level of orthogonality < 100*eps
Residual ||X-QR|| < 100*eps
