V(:,3:4) = V*Q(:,3:4) for random vectors of length 15 (V has 6 columns).
With regular storage.
Error against MatMatMult = < 1.e-12.
V(:,3:4) = V*Q(3:4,:)' for random vectors of length 15 (V has 6 columns).
With regular storage.
Error against MatMatMult = < 1.e-12.
V(:,3:4) = V*Q(:,3:4) for random vectors of length 15 (V has 6 columns).
With contiguous storage.
Error against MatMatMult = < 1.e-12.
V(:,3:4) = V*Q(3:4,:)' for random vectors of length 15 (V has 6 columns).
With contiguous storage.
Error against MatMatMult = < 1.e-12.
