
Quadratic Eigenproblem, N=100 (10x10 grid)
QEP type: linear

 Number of iterations of the method: 8
 Solution method: linear

 Number of requested eigenvalues: 4
 Stopping condition: tol=1e-10, maxit=100
 All requested eigenvalues computed up to the required tolerance:
     0.00000+2.79964i, 0.00000-2.79964i, 0.00000+2.75708i, 0.00000-2.75708i


Quadratic Eigenproblem, N=100 (10x10 grid)
QEP type: qarnoldi

 Number of iterations of the method: 8
 Solution method: qarnoldi

 Number of requested eigenvalues: 4
 Stopping condition: tol=1e-10, maxit=100
 All requested eigenvalues computed up to the required tolerance:
     0.00000+2.79964i, 0.00000-2.79964i, 0.00000+2.75708i, 0.00000-2.75708i


Quadratic Eigenproblem, N=100 (10x10 grid)
QEP type: linear
EPS type: krylovschur

 Number of iterations of the method: 8
 Solution method: linear

 Number of requested eigenvalues: 4
 Stopping condition: tol=1e-10, maxit=100
 All requested eigenvalues computed up to the required tolerance:
     0.00000+2.79964i, 0.00000-2.79964i, 0.00000+2.75708i, 0.00000-2.75708i


Quadratic Eigenproblem, N=100 (10x10 grid)
QEP type: linear
EPS type: arnoldi

 Number of iterations of the method: 35
 Solution method: linear

 Number of requested eigenvalues: 4
 Stopping condition: tol=1e-10, maxit=100
 All requested eigenvalues computed up to the required tolerance:
     0.00000+2.79964i, 0.00000-2.79964i, 0.00000+2.75708i, 0.00000-2.75708i


Quadratic Eigenproblem, N=100 (10x10 grid)
QEP type: linear
EPS type: gd

 Number of iterations of the method: 320
 Solution method: linear

 Number of requested eigenvalues: 4
 Stopping condition: tol=1e-10, maxit=2400
 All requested eigenvalues computed up to the required tolerance:
     0.00000+2.79964i, 0.00000-2.79964i, 0.00000+2.75708i, 0.00000-2.75708i


Quadratic Eigenproblem, N=100 (10x10 grid)
QEP type: linear
EPS type: jd

 Number of iterations of the method: 301
 Solution method: linear

 Number of requested eigenvalues: 4
 Stopping condition: tol=1e-10, maxit=2400
 All requested eigenvalues computed up to the required tolerance:
     0.00000+2.79964i, 0.00000-2.79964i, 0.00000+2.75708i, 0.00000-2.75708i

