Matrix logarithm, n=100.
FN Object: 1 MPI processes
  type: log
    Logarithm: +2*log(+0.05*x)
||expm(F)-A||_F < 100*eps
