Matrix exponential, n=10.
FN Object: 1 MPI processes
  type: exp
    Exponential: exp(x)
The 1-norm of f(A) is 340.522
