Matrix square root, n=10.
FN Object: 1 MPI processes
  type: sqrt
    Square root: +2  *sqrt(+0.4*x)
||S*S-A||_F < 100*eps
||S*S-A||_F < 100*eps
