eps type krylovschur

1-D Laplacian Eigenproblem, n=30

 Solution method: krylovschur

 Number of requested eigenvalues: 4
 All requested eigenvalues computed up to the required tolerance:
     0.01026, 0.04094, 0.09172, 0.16208

eps type arnoldi

1-D Laplacian Eigenproblem, n=30

 Solution method: arnoldi

 Number of requested eigenvalues: 4
 All requested eigenvalues computed up to the required tolerance:
     0.01026, 0.04094, 0.09172, 0.16208

eps type gd

1-D Laplacian Eigenproblem, n=30

 Solution method: gd

 Number of requested eigenvalues: 4
 All requested eigenvalues computed up to the required tolerance:
     0.01026, 0.04094, 0.09172, 0.16208

eps type jd

1-D Laplacian Eigenproblem, n=30

 Solution method: jd

 Number of requested eigenvalues: 4
 All requested eigenvalues computed up to the required tolerance:
     0.01026, 0.04094, 0.09172, 0.16208

