qep type qarnoldi
 Solution method: qarnoldi

 Number of requested eigenvalues: 4
 Stopping condition: maxit=100
 All requested eigenvalues computed up to the required tolerance:
     -49.39227, -49.08545, -48.57759, -47.87388

qep type linear, eps type krylovschur
 Solution method: linear

 Number of requested eigenvalues: 4
 Stopping condition: maxit=100
 All requested eigenvalues computed up to the required tolerance:
     -49.39227, -49.08545, -48.57759, -47.87388

qep type linear, eps type arnoldi
 Solution method: linear

 Number of requested eigenvalues: 4
 Stopping condition: maxit=100
 All requested eigenvalues computed up to the required tolerance:
     -49.39227, -49.08545, -48.57759, -47.87388

qep type linear, eps type gd
 Solution method: linear

 Number of requested eigenvalues: 4
 Stopping condition: maxit=2000
 All requested eigenvalues computed up to the required tolerance:
     -49.39227, -49.08545, -48.57759, -47.87388

qep type linear, eps type jd
 Solution method: linear

 Number of requested eigenvalues: 4
 Stopping condition: maxit=2000
 All requested eigenvalues computed up to the required tolerance:
     -49.39227, -49.08545, -48.57759, -47.87388

qep type linear, eps type gd2
 Solution method: linear

 Number of requested eigenvalues: 4
 Stopping condition: maxit=2000
 All requested eigenvalues computed up to the required tolerance:
     -49.39227, -49.08545, -48.57759, -47.87388

