
PEP of diagonal problem, n=6

 All requested eigenvalues computed up to the required tolerance:
     -12.00000, -10.00000, -8.00000, -6.00000

