Solve a Dense System of type GSVD - dimension (15+10)x10.
  type: gsvd
  current state: RAW
  dimensions: ld=17, n=15, l=0, k=0
  flags:
  number of columns: 10
  number of rows of B: 10
Computed singular values =
  3.58515
  2.86563
  2.53849
  2.06691
  1.91528
  1.83015
  1.4015
  1.33086
  0.752227
  0.330481
Norm of 1st X vector = 0.314
