Solve a Dense System of type PEP - n=10.
DS Object: 1 MPI processes
  type: pep
  current state: raw
  dimensions: ld=12, n=10, l=0, k=0
  flags:
    polynomial degree: 2
Computed eigenvalues =
  4.50158
  3.13975
  3.01153
  2.80351
  2.52300
  2.17879
  1.78076
  1.33966
  -3.14751
  -3.04112
  -2.86524
  -2.62255
  -2.31740
  -1.95593
  -1.54601
  -1.09701
  0.86697
  -0.61949
  0.37468
  -0.12491
