
Matrix exponential y=exp(t*A)*e, loaded from file

 Reading REAL matrix from a binary file...
 Computed vector at time t=2 has norm 7.87264

 Number of iterations of the method: 2
