eps type krylovschur

1-D Laplacian Eigenproblem, n=30

 Number of iterations of the method: 5
 Solution method: krylovschur

 Number of requested eigenvalues: 1
 Stopping condition: tol=1e-07, maxit=100
 Number of converged eigenpairs: 5

           k          ||Ax-kx||/||kx||
   ----------------- ------------------
       0.010261        4.88106e-10
       0.040940        4.21099e-09
       0.091721         3.4061e-09
       0.162084        1.01382e-08
       0.251307        6.51849e-08

eps type arnoldi

1-D Laplacian Eigenproblem, n=30

 Number of iterations of the method: 6
 Solution method: arnoldi

 Number of requested eigenvalues: 1
 Stopping condition: tol=1e-07, maxit=100
 Number of converged eigenpairs: 1

           k          ||Ax-kx||/||kx||
   ----------------- ------------------
       0.010261        6.89655e-08

eps type lanczos

1-D Laplacian Eigenproblem, n=30

 Number of iterations of the method: 5
 Solution method: lanczos

 Number of requested eigenvalues: 1
 Stopping condition: tol=1e-07, maxit=100
 Number of converged eigenpairs: 1

           k          ||Ax-kx||/||kx||
   ----------------- ------------------
       0.010261        1.24772e-06

eps type gd

1-D Laplacian Eigenproblem, n=30

 Number of iterations of the method: 46
 Solution method: gd

 Number of requested eigenvalues: 1
 Stopping condition: tol=1e-07, maxit=1700
 Number of converged eigenpairs: 1

           k          ||Ax-kx||/||kx||
   ----------------- ------------------
       0.010261        9.48477e-08

eps type jd

1-D Laplacian Eigenproblem, n=30

 Number of iterations of the method: 14
 Solution method: jd

 Number of requested eigenvalues: 1
 Stopping condition: tol=1e-07, maxit=1700
 Number of converged eigenpairs: 1

           k          ||Ax-kx||/||kx||
   ----------------- ------------------
       0.010261        5.10593e-08

eps type primme

1-D Laplacian Eigenproblem, n=30

 Number of iterations of the method: 8
 Solution method: primme

 Number of requested eigenvalues: 1
 Stopping condition: tol=1e-07, maxit=1000
 Number of converged eigenpairs: 1

           k          ||Ax-kx||/||kx||
   ----------------- ------------------
       0.010261        9.64853e-06

