
1-D Laplacian Eigenproblem, n=30

 Number of iterations of the method: 4
 Solution method: krylovschur

 Number of requested eigenvalues: 4
 All requested eigenvalues computed up to the required tolerance:
     0.01026, 0.04094, 0.09172, 0.16208


1-D Laplacian Eigenproblem, n=30

 Number of iterations of the method: 16
 Solution method: arnoldi

 Number of requested eigenvalues: 4
 All requested eigenvalues computed up to the required tolerance:
     0.01026, 0.04094, 0.09172, 0.16208


1-D Laplacian Eigenproblem, n=30

 Number of iterations of the method: 14
 Solution method: lanczos

 Number of requested eigenvalues: 4
 All requested eigenvalues computed up to the required tolerance:
     0.01026, 0.04094, 0.09172, 0.16208


1-D Laplacian Eigenproblem, n=30

 Number of iterations of the method: 88
 Solution method: gd

 Number of requested eigenvalues: 4
 All requested eigenvalues computed up to the required tolerance:
     0.01026, 0.04094, 0.09172, 0.16208


1-D Laplacian Eigenproblem, n=30

 Number of iterations of the method: 34
 Solution method: jd

 Number of requested eigenvalues: 4
 All requested eigenvalues computed up to the required tolerance:
     0.01026, 0.04094, 0.09172, 0.16208

