eps type krylovschur

2-D Laplacian Eigenproblem (matrix-free version), N=100 (10x10 grid)

 Number of iterations of the method: 4
 Solution method: krylovschur

 Number of requested eigenvalues: 4
 Stopping condition: tol=1e-07, maxit=100
 All requested eigenvalues computed up to the required tolerance:
     7.83797, 7.60149, 7.36501, 7.22871

eps type arnoldi

2-D Laplacian Eigenproblem (matrix-free version), N=100 (10x10 grid)

 Number of iterations of the method: 9
 Solution method: arnoldi

 Number of requested eigenvalues: 4
 Stopping condition: tol=1e-07, maxit=100
 All requested eigenvalues computed up to the required tolerance:
     7.83797, 7.60149, 7.60149, 7.36501

eps type lanczos

2-D Laplacian Eigenproblem (matrix-free version), N=100 (10x10 grid)

 Number of iterations of the method: 9
 Solution method: lanczos

 Number of requested eigenvalues: 4
 Stopping condition: tol=1e-07, maxit=100
 All requested eigenvalues computed up to the required tolerance:
     7.83797, 7.60149, 7.60149, 7.36501

eps type gd

2-D Laplacian Eigenproblem (matrix-free version), N=100 (10x10 grid)

 Number of iterations of the method: 94
 Solution method: gd

 Number of requested eigenvalues: 4
 Stopping condition: tol=1e-07, maxit=2000
 All requested eigenvalues computed up to the required tolerance:
     7.83797, 7.60149, 7.60149, 7.36501

eps type jd

2-D Laplacian Eigenproblem (matrix-free version), N=100 (10x10 grid)

 Number of iterations of the method: 45
 Solution method: jd

 Number of requested eigenvalues: 4
 Stopping condition: tol=1e-07, maxit=2000
 All requested eigenvalues computed up to the required tolerance:
     7.83797, 7.60149, 7.60149, 7.36501

