eps type krylovschur

Reading matrix from binary file...
  $PETSC_DIR/share/petsc/datafiles/matrices/ns-real-int32-float64

 All requested eigenvalues computed up to the required tolerance:
     6.92072, 5.80648, 5.45756, 4.70098

eps type arnoldi

Reading matrix from binary file...
  $PETSC_DIR/share/petsc/datafiles/matrices/ns-real-int32-float64

 All requested eigenvalues computed up to the required tolerance:
     6.92072, 5.80648, 5.45756, 4.70098

eps type gd

Reading matrix from binary file...
  $PETSC_DIR/share/petsc/datafiles/matrices/ns-real-int32-float64

 All requested eigenvalues computed up to the required tolerance:
     6.92072, 5.80648, 5.45756, 4.70098

eps type jd

Reading matrix from binary file...
  $PETSC_DIR/share/petsc/datafiles/matrices/ns-real-int32-float64

 All requested eigenvalues computed up to the required tolerance:
     6.92072, 5.80648, 5.45756, 4.70098

