eps type krylovschur

Markov Model, N=120 (m=15)

 Number of iterations of the method: 4
 Solution method: krylovschur

 Number of requested eigenvalues: 4
 Stopping condition: tol=1e-07, maxit=100
 All requested eigenvalues computed up to the required tolerance:
     1.00000, -1.00000, 0.90423, -0.90423

eps type arnoldi

Markov Model, N=120 (m=15)

 Number of iterations of the method: 11
 Solution method: arnoldi

 Number of requested eigenvalues: 4
 Stopping condition: tol=1e-07, maxit=100
 All requested eigenvalues computed up to the required tolerance:
     1.00000, -1.00000, 0.97137, -0.97137

eps type gd

Markov Model, N=120 (m=15)

 Number of iterations of the method: 129
 Solution method: gd

 Number of requested eigenvalues: 4
 Stopping condition: tol=1e-07, maxit=2000
 All requested eigenvalues computed up to the required tolerance:
     1.00000, -1.00000, 0.97137, -0.97137

eps type jd

Markov Model, N=120 (m=15)

 Number of iterations of the method: 63
 Solution method: jd

 Number of requested eigenvalues: 4
 Stopping condition: tol=1e-07, maxit=2000
 All requested eigenvalues computed up to the required tolerance:
     1.00000, -1.00000, 0.97137, 0.90423

