eps type krylovschur

Markov Model, N=120 (m=15)
Searching closest eigenvalues to the right of 0.5.

 Number of iterations of the method: 8
 Solution method: krylovschur

 Number of requested eigenvalues: 4
 Stopping condition: tol=1e-07, maxit=100
 All requested eigenvalues computed up to the required tolerance:
     0.57028, 0.57143, 0.63056, 0.70232

eps type arnoldi

Markov Model, N=120 (m=15)
Searching closest eigenvalues to the right of 0.5.

 Number of iterations of the method: 756
 Solution method: arnoldi

 Number of requested eigenvalues: 4
 Stopping condition: tol=1e-07, maxit=1000
 All requested eigenvalues computed up to the required tolerance:
     0.51928, 0.55740, 0.57028, 0.57143

eps type gd

Markov Model, N=120 (m=15)
Searching closest eigenvalues to the right of 0.5.

 Number of iterations of the method: 969
 Solution method: gd

 Number of requested eigenvalues: 4
 Stopping condition: tol=1e-07, maxit=2000
 All requested eigenvalues computed up to the required tolerance:
     0.51928, 0.55740, 0.57028, 0.57143

eps type jd

Markov Model, N=120 (m=15)
Searching closest eigenvalues to the right of 0.5.

 Number of iterations of the method: 633
 Solution method: jd

 Number of requested eigenvalues: 4
 Stopping condition: tol=1e-07, maxit=2000
 All requested eigenvalues computed up to the required tolerance:
     0.51928, 0.55740, 0.57028, 0.57143

