eps type krylovschur

Fiedler vector of a 2-D regular mesh, N=100 (10x10 grid)

 Solution method: krylovschur

 Number of requested eigenvalues: 4
 Stopping condition: tol=1e-11, maxit=100
 All requested eigenvalues computed up to the required tolerance:
     0.09789, 0.19577, 0.38197, 0.47985

eps type arnoldi

Fiedler vector of a 2-D regular mesh, N=100 (10x10 grid)

 Solution method: arnoldi

 Number of requested eigenvalues: 4
 Stopping condition: tol=1e-11, maxit=100
 All requested eigenvalues computed up to the required tolerance:
     0.09789, 0.09789, 0.19577, 0.38197

eps type lanczos

Fiedler vector of a 2-D regular mesh, N=100 (10x10 grid)

 Solution method: lanczos

 Number of requested eigenvalues: 4
 Stopping condition: tol=1e-11, maxit=100
 All requested eigenvalues computed up to the required tolerance:
     0.09789, 0.09789, 0.19577, 0.38197

eps type gd

Fiedler vector of a 2-D regular mesh, N=100 (10x10 grid)

 Solution method: gd

 Number of requested eigenvalues: 4
 Stopping condition: tol=1e-11, maxit=2000
 All requested eigenvalues computed up to the required tolerance:
     0.09789, 0.09789, 0.19577, 0.38197

eps type jd

Fiedler vector of a 2-D regular mesh, N=100 (10x10 grid)

 Solution method: jd

 Number of requested eigenvalues: 4
 Stopping condition: tol=1e-11, maxit=2000
 All requested eigenvalues computed up to the required tolerance:
     0.09789, 0.09789, 0.19577, 0.38197

