
EPS of diagonal problem, n=20

  1 EPS nconv=0 first unconverged value (error) 20. (removed)
  2 EPS nconv=1 first unconverged value (error) 19. (removed)
     20.00000

