eps type gd

Tridiagonal with random diagonal, n=30

 All requested eigenvalues computed up to the required tolerance:
     0.10130

 All requested eigenvalues computed up to the required tolerance:
     0.10130

eps type jd

Tridiagonal with random diagonal, n=30

 All requested eigenvalues computed up to the required tolerance:
     0.10130

 All requested eigenvalues computed up to the required tolerance:
     0.10130

