
2-D Laplacian Eigenproblem, N=110 (10x11 grid)

 All requested eigenvalues computed up to the required tolerance:
     7.85084, 7.65104, 7.61436


2-D Laplacian Eigenproblem, N=440 (20x22 grid)

 Problem: less than 3 eigenvalues converged

